Object.defineProperty(exports, '__esModule', {
  value: true
});

var _rxjsBundlesRxMinJs = require('rxjs/bundles/Rx.min.js');

Object.defineProperty(exports, 'Observable', {
  enumerable: true,
  get: function get() {
    return _rxjsBundlesRxMinJs.Observable;
  }
});
