function _interopRequireDefault(obj) { return obj && obj.__esModule ? obj : { 'default': obj }; }

var _path = require('path');

var _path2 = _interopRequireDefault(_path);
