var Rx = require('rxjs/bundles/Rx.umd.min.js');

var _require = require('rxjs/bundles/Rx.umd.min.js');

var Observable = _require.Observable;

assert(Rx.Observable === Observable);
