var four = require('four');
var three = require('three');

var one = {
  two: three,
  four,
};
