var bar = require('bar');
var foo = require('foo');

foo(...bar);
