'use strict';

var one = require('one');
var three = require('three');
var two = require('two');

new one(two, {three});
