var Immutable = require('immutable');

Immutable.List();
