'use strict';

try {
  // Nothing.
} catch (e) {
  // Nothing.
} finally {
  // Nothing.
}
