'use strict';

var Components = require('Components');
var React = require('React');

var {A, B} = Components;

var jsx = <A><B/></A>;
