var one = require('one');
var two = require('two');

one();


two();
