'use strict';

var foo = require('foo');

var [a, b] = foo;
function bar([c, d]) {}
