/* @flow */
/**
 * Header comment
 */

var one = require('one');

one();
