'use strict';

var one = require('one');

var two: ?one = new one();
