var four = require('four');
var one = require('one');

one(four);
