'use strict';

var two = require('two');

var one = two;
