var [c, d] = require('bar');
var [e, f] = require('baz');
var x = require('x');

e(f);
c(d);
x();
