require('b')().x;

var D = require('meh').a.b.c('123');

var a = require('a')()()().a().b.c[0];

var C = 'not'.a.require('meh');
a(D);
