var _createDecoratedClass = (function () { function defineProperties(target, descriptors, initializers) { for (var i = 0; i < descriptors.length; i++) { var descriptor = descriptors[i]; var decorators = descriptor.decorators; var key = descriptor.key; delete descriptor.key; delete descriptor.decorators; descriptor.enumerable = descriptor.enumerable || false; descriptor.configurable = true; if ('value' in descriptor || descriptor.initializer) descriptor.writable = true; if (decorators) { for (var f = 0; f < decorators.length; f++) { var decorator = decorators[f]; if (typeof decorator === 'function') { descriptor = decorator(target, key, descriptor) || descriptor; } else { throw new TypeError('The decorator for method ' + descriptor.key + ' is of the invalid type ' + typeof decorator); } } if (descriptor.initializer !== undefined) { initializers[key] = descriptor; continue; } } Object.defineProperty(target, key, descriptor); } } return function (Constructor, protoProps, staticProps, protoInitializers, staticInitializers) { if (protoProps) defineProperties(Constructor.prototype, protoProps, protoInitializers); if (staticProps) defineProperties(Constructor, staticProps, staticInitializers); return Constructor; }; })();

var _ref;

function _classCallCheck(instance, Constructor) { if (!(instance instanceof Constructor)) { throw new TypeError('Cannot call a class as a function'); } }

function _interopRequireDefault(obj) { return obj && obj.__esModule ? obj : { 'default': obj }; }

var _foo;

function _load_foo() {
  return _foo = _interopRequireDefault(require('foo'));
}

var Bar = (function () {
  function Bar() {
    _classCallCheck(this, Bar);
  }

  _createDecoratedClass(Bar, [{
    key: 'baz',
    decorators: [(_ref = _foo || _load_foo(), _ref.default.bind(_ref))],
    value: function baz() {}
  }]);

  return Bar;
})();
