function _interopRequireDefault(obj) { return obj && obj.__esModule ? obj : { 'default': obj }; }

var _Foo;

function _load_Foo() {
  return _Foo = _interopRequireDefault(require('Foo'));
}

function test() {
  new (_Foo || _load_Foo()).default();
}
