Object.defineProperty(exports, '__esModule', {
  value: true
});

function _interopRequireDefault(obj) { return obj && obj.__esModule ? obj : { 'default': obj }; }

var _foo;

function _load_foo() {
  return _foo = _interopRequireDefault(require('./foo'));
}

var _bar;

function _load_bar() {
  return _bar = require('./bar');
}

exports.foo = (_foo || _load_foo()).default;
exports.Foo = (_foo || _load_foo()).default;
exports.Bar = (_bar || _load_bar()).Bar;
