var _Foo2;

function _Foo() {
  return _Foo2 = require('Foo');
}

function test() {
  var bar = function bar() {};
  bar();
}
